Traceback (most recent call last):
  File "/opt/hostedtoolcache/Python/3.10.20/x64/lib/python3.10/site-packages/jupyter_cache/executors/utils.py", line 58, in single_nb_execution
    executenb(
  File "/opt/hostedtoolcache/Python/3.10.20/x64/lib/python3.10/site-packages/nbclient/client.py", line 1323, in execute
    return NotebookClient(nb=nb, resources=resources, km=km, **kwargs).execute()
  File "/opt/hostedtoolcache/Python/3.10.20/x64/lib/python3.10/site-packages/jupyter_core/utils/__init__.py", line 165, in wrapped
    return loop.run_until_complete(inner)
  File "/opt/hostedtoolcache/Python/3.10.20/x64/lib/python3.10/asyncio/base_events.py", line 649, in run_until_complete
    return future.result()
  File "/opt/hostedtoolcache/Python/3.10.20/x64/lib/python3.10/site-packages/nbclient/client.py", line 709, in async_execute
    await self.async_execute_cell(
  File "/opt/hostedtoolcache/Python/3.10.20/x64/lib/python3.10/site-packages/nbclient/client.py", line 1062, in async_execute_cell
    await self._check_raise_for_error(cell, cell_index, exec_reply)
  File "/opt/hostedtoolcache/Python/3.10.20/x64/lib/python3.10/site-packages/nbclient/client.py", line 918, in _check_raise_for_error
    raise CellExecutionError.from_cell_and_msg(cell, exec_reply_content)
nbclient.exceptions.CellExecutionError: An error occurred while executing the following cell:
------------------
def estimador_de_fase(oraculo, precisão: int) -> float:
    assert precisão <= 20, "o tempo de computação pode ser muito grande"
    p = Process(simulator="dense", num_qubits=precisão + 1)
    ctr = H(p.alloc(precisão))
    tgr = X(p.alloc())
    for i, c in enumerate(ctr):
        ctrl(c, oraculo)(i, tgr)

    adj(qft)(ctr)  # <- chada da transformada de Fourier quântica inversa

    return measure(reversed(ctr)).value / 2**precisão


fase = pi

estimador_de_fase(
    oraculo=lambda i, tgr: PHASE(2 * pi * (fase / 10) * 2**i, tgr),
    precisão=18,
) * 10
------------------


[0;31m---------------------------------------------------------------------------[0m
[0;31mNameError[0m                                 Traceback (most recent call last)
Cell [0;32mIn[4], line 16[0m
[1;32m     11[0m     [38;5;28;01mreturn[39;00m measure([38;5;28mreversed[39m(ctr))[38;5;241m.[39mvalue [38;5;241m/[39m [38;5;241m2[39m[38;5;241m*[39m[38;5;241m*[39mprecisão
[1;32m     14[0m fase [38;5;241m=[39m pi
[0;32m---> 16[0m [43mestimador_de_fase[49m[43m([49m
[1;32m     17[0m [43m    [49m[43moraculo[49m[38;5;241;43m=[39;49m[38;5;28;43;01mlambda[39;49;00m[43m [49m[43mi[49m[43m,[49m[43m [49m[43mtgr[49m[43m:[49m[43m [49m[43mPHASE[49m[43m([49m[38;5;241;43m2[39;49m[43m [49m[38;5;241;43m*[39;49m[43m [49m[43mpi[49m[43m [49m[38;5;241;43m*[39;49m[43m [49m[43m([49m[43mfase[49m[43m [49m[38;5;241;43m/[39;49m[43m [49m[38;5;241;43m10[39;49m[43m)[49m[43m [49m[38;5;241;43m*[39;49m[43m [49m[38;5;241;43m2[39;49m[38;5;241;43m*[39;49m[38;5;241;43m*[39;49m[43mi[49m[43m,[49m[43m [49m[43mtgr[49m[43m)[49m[43m,[49m
[1;32m     18[0m [43m    [49m[43mprecisão[49m[38;5;241;43m=[39;49m[38;5;241;43m18[39;49m[43m,[49m
[1;32m     19[0m [43m)[49m [38;5;241m*[39m [38;5;241m10[39m

Cell [0;32mIn[4], line 7[0m, in [0;36mestimador_de_fase[0;34m(oraculo, precisão)[0m
[1;32m      5[0m tgr [38;5;241m=[39m X(p[38;5;241m.[39malloc())
[1;32m      6[0m [38;5;28;01mfor[39;00m i, c [38;5;129;01min[39;00m [38;5;28menumerate[39m(ctr):
[0;32m----> 7[0m     [43mctrl[49m[43m([49m[43mc[49m[43m,[49m[43m [49m[43moraculo[49m[43m)[49m[43m([49m[43mi[49m[43m,[49m[43m [49m[43mtgr[49m[43m)[49m
[1;32m      9[0m adj(qft)(ctr)  [38;5;66;03m# <- chada da transformada de Fourier quântica inversa[39;00m
[1;32m     11[0m [38;5;28;01mreturn[39;00m measure([38;5;28mreversed[39m(ctr))[38;5;241m.[39mvalue [38;5;241m/[39m [38;5;241m2[39m[38;5;241m*[39m[38;5;241m*[39mprecisão

File [0;32m/opt/hostedtoolcache/Python/3.10.20/x64/lib/python3.10/site-packages/ket/operations.py:238[0m, in [0;36mctrl.<locals>.inner[0;34m(*args, **kwargs)[0m
[1;32m    235[0m [38;5;129m@wraps[39m(gate)
[1;32m    236[0m [38;5;28;01mdef[39;00m[38;5;250m [39m[38;5;21minner[39m([38;5;241m*[39margs, [38;5;241m*[39m[38;5;241m*[39mkwargs):
[1;32m    237[0m     [38;5;28;01mwith[39;00m control(control_qubits, state):
[0;32m--> 238[0m         [38;5;28;01mreturn[39;00m control_qubits, [43mgate[49m[43m([49m[38;5;241;43m*[39;49m[43margs[49m[43m,[49m[43m [49m[38;5;241;43m*[39;49m[38;5;241;43m*[39;49m[43mkwargs[49m[43m)[49m

Cell [0;32mIn[4], line 17[0m, in [0;36m<lambda>[0;34m(i, tgr)[0m
[1;32m     11[0m     [38;5;28;01mreturn[39;00m measure([38;5;28mreversed[39m(ctr))[38;5;241m.[39mvalue [38;5;241m/[39m [38;5;241m2[39m[38;5;241m*[39m[38;5;241m*[39mprecisão
[1;32m     14[0m fase [38;5;241m=[39m pi
[1;32m     16[0m estimador_de_fase(
[0;32m---> 17[0m     oraculo[38;5;241m=[39m[38;5;28;01mlambda[39;00m i, tgr: [43mPHASE[49m([38;5;241m2[39m [38;5;241m*[39m pi [38;5;241m*[39m (fase [38;5;241m/[39m [38;5;241m10[39m) [38;5;241m*[39m [38;5;241m2[39m[38;5;241m*[39m[38;5;241m*[39mi, tgr),
[1;32m     18[0m     precisão[38;5;241m=[39m[38;5;241m18[39m,
[1;32m     19[0m ) [38;5;241m*[39m [38;5;241m10[39m

[0;31mNameError[0m: name 'PHASE' is not defined

