Traceback (most recent call last):
  File "/opt/hostedtoolcache/Python/3.10.20/x64/lib/python3.10/site-packages/jupyter_cache/executors/utils.py", line 58, in single_nb_execution
    executenb(
  File "/opt/hostedtoolcache/Python/3.10.20/x64/lib/python3.10/site-packages/nbclient/client.py", line 1323, in execute
    return NotebookClient(nb=nb, resources=resources, km=km, **kwargs).execute()
  File "/opt/hostedtoolcache/Python/3.10.20/x64/lib/python3.10/site-packages/jupyter_core/utils/__init__.py", line 165, in wrapped
    return loop.run_until_complete(inner)
  File "/opt/hostedtoolcache/Python/3.10.20/x64/lib/python3.10/asyncio/base_events.py", line 649, in run_until_complete
    return future.result()
  File "/opt/hostedtoolcache/Python/3.10.20/x64/lib/python3.10/site-packages/nbclient/client.py", line 709, in async_execute
    await self.async_execute_cell(
  File "/opt/hostedtoolcache/Python/3.10.20/x64/lib/python3.10/site-packages/nbclient/client.py", line 1062, in async_execute_cell
    await self._check_raise_for_error(cell, cell_index, exec_reply)
  File "/opt/hostedtoolcache/Python/3.10.20/x64/lib/python3.10/site-packages/nbclient/client.py", line 918, in _check_raise_for_error
    raise CellExecutionError.from_cell_and_msg(cell, exec_reply_content)
nbclient.exceptions.CellExecutionError: An error occurred while executing the following cell:
------------------
N = 187
a = shor(N)
print(f"{a} x {N//a} = {N}")
------------------


[0;31m---------------------------------------------------------------------------[0m
[0;31mAttributeError[0m                            Traceback (most recent call last)
Cell [0;32mIn[6], line 2[0m
[1;32m      1[0m N [38;5;241m=[39m [38;5;241m187[39m
[0;32m----> 2[0m a [38;5;241m=[39m [43mshor[49m[43m([49m[43mN[49m[43m)[49m
[1;32m      3[0m [38;5;28mprint[39m([38;5;124mf[39m[38;5;124m"[39m[38;5;132;01m{[39;00ma[38;5;132;01m}[39;00m[38;5;124m x [39m[38;5;132;01m{[39;00mN[38;5;241m/[39m[38;5;241m/[39ma[38;5;132;01m}[39;00m[38;5;124m = [39m[38;5;132;01m{[39;00mN[38;5;132;01m}[39;00m[38;5;124m"[39m)

Cell [0;32mIn[5], line 28[0m, in [0;36mshor[0;34m(N)[0m
[1;32m     25[0m     [38;5;28;01mreturn[39;00m mdc_a_N
[1;32m     27[0m [38;5;66;03m# Encontrando a ordem com algoritmo quântico[39;00m
[0;32m---> 28[0m r [38;5;241m=[39m [43mshor_quantico[49m[43m([49m[43ma[49m[43m,[49m[43m [49m[43mN[49m[43m)[49m
[1;32m     30[0m [38;5;28;01mif[39;00m r [38;5;241m%[39m [38;5;241m2[39m [38;5;241m==[39m [38;5;241m0[39m [38;5;129;01mand[39;00m [38;5;28mpow[39m(a, r [38;5;241m/[39m[38;5;241m/[39m [38;5;241m2[39m, N) [38;5;241m!=[39m N [38;5;241m-[39m [38;5;241m1[39m:
[1;32m     31[0m     p [38;5;241m=[39m gcd(a [38;5;241m*[39m[38;5;241m*[39m (r [38;5;241m/[39m[38;5;241m/[39m [38;5;241m2[39m) [38;5;241m-[39m [38;5;241m1[39m, N)

Cell [0;32mIn[4], line 15[0m, in [0;36mshor_quantico[0;34m(a, N)[0m
[1;32m     12[0m y [38;5;241m=[39m processo[38;5;241m.[39malloc(n)
[1;32m     14[0m H(x)
[0;32m---> 15[0m [43mqu_exp[49m[43m([49m[43ma[49m[43m,[49m[43m [49m[43mx[49m[43m,[49m[43m [49m[43mN[49m[43m,[49m[43m [49m[43my[49m[43m)[49m
[1;32m     16[0m measure(y)
[1;32m     17[0m adj(qft)([38;5;28mreversed[39m(x))

Cell [0;32mIn[4], line 4[0m, in [0;36mqu_exp[0;34m(a, x, n, y)[0m
[1;32m      2[0m [38;5;28;01mfor[39;00m state [38;5;129;01min[39;00m [38;5;28mrange[39m([38;5;241m2[39m [38;5;241m*[39m[38;5;241m*[39m [38;5;28mlen[39m(x)):
[1;32m      3[0m     [38;5;28;01mwith[39;00m control(x, state):
[0;32m----> 4[0m         [43mqulib[49m[38;5;241;43m.[39;49m[43mmath[49m[38;5;241m.[39mset_int(y, [38;5;28mpow[39m(a, state, n))

[0;31mAttributeError[0m: module 'ket.qulib' has no attribute 'math'

